// Jest Snapshot v1, https://goo.gl/fbAQLP

exports[`renders learn react link 1`] = `
<input
  placeholder="значение....."
  type="text"
/>
`;

exports[`Первый тест common 1`] = `
<input
  placeholder="значение....."
  type="text"
/>
`;

exports[`Первый тест renders learn react link 1`] = `
<input
  placeholder="значение....."
  type="text"
/>
`;
